00:00 +0: loading C:/Users/ACER/Desktop/soutenance/togoschool/test/widget_test.dart
00:00 +0: Connexion page is shown when not logged in
00:00 +1: Admin dashboard is shown when roleId = 1
Pending timers:
Timer (duration: 0:00:00.000000, periodic: false), created:
#0      new FakeTimer._ (package:fake_async/fake_async.dart:342:62)
#1      FakeAsync._createTimer (package:fake_async/fake_async.dart:260:29)
#2      FakeAsync.run.<anonymous closure> (package:fake_async/fake_async.dart:185:15)
#7      DioMixin.fetch (package:dio/src/dio_mixin.dart:466:30)
#8      DioMixin.request (package:dio/src/dio_mixin.dart:374:12)
#9      DioMixin.get (package:dio/src/dio_mixin.dart:71:12)
#10     ApiService.read (package:togoschool/service/api_service.dart:107:24)
#11     _AdminAcceuilState.getTeachers (package:togoschool/pages/admin/admin_acceuil.dart:57:13)
#12     _AdminAcceuilState.initState (package:togoschool/pages/admin/admin_acceuil.dart:51:5)
#13     StatefulElement._firstBuild (package:flutter/src/widgets/framework.dart:5953:55)
#14     ComponentElement.mount (package:flutter/src/widgets/framework.dart:5796:5)
...     Normal element mounting (40 frames)
#54     Element.inflateWidget (package:flutter/src/widgets/framework.dart:4590:20)
#55     MultiChildRenderObjectElement.inflateWidget (package:flutter/src/widgets/framework.dart:7269:36)
#56     MultiChildRenderObjectElement.mount (package:flutter/src/widgets/framework.dart:7285:32)
...     Normal element mounting (372 frames)
#428    Element.inflateWidget (package:flutter/src/widgets/framework.dart:4590:20)
#429    MultiChildRenderObjectElement.inflateWidget (package:flutter/src/widgets/framework.dart:7269:36)
#430    MultiChildRenderObjectElement.mount (package:flutter/src/widgets/framework.dart:7285:32)
...     Normal element mounting (454 frames)
#884    Element.inflateWidget (package:flutter/src/widgets/framework.dart:4590:20)
#885    Element.updateChild (package:flutter/src/widgets/framework.dart:4053:20)
#886    ComponentElement.performRebuild (package:flutter/src/widgets/framework.dart:5844:16)
#887    Element.rebuild (package:flutter/src/widgets/framework.dart:5532:7)
#888    ProxyElement.update (package:flutter/src/widgets/framework.dart:6152:5)
#889    _InheritedNotifierElement.update (package:flutter/src/widgets/inherited_notifier.dart:108:11)
#890    Element.updateChild (package:flutter/src/widgets/framework.dart:4037:15)
#891    ComponentElement.performRebuild (package:flutter/src/widgets/framework.dart:5844:16)
#892    StatefulElement.performRebuild (package:flutter/src/widgets/framework.dart:5985:11)
#893    Element.rebuild (package:flutter/src/widgets/framework.dart:5532:7)
#894    StatefulElement.update (package:flutter/src/widgets/framework.dart:6010:5)
#895    Element.updateChild (package:flutter/src/widgets/framework.dart:4037:15)
#896    ComponentElement.performRebuild (package:flutter/src/widgets/framework.dart:5844:16)
#897    Element.rebuild (package:flutter/src/widgets/framework.dart:5532:7)
#898    ProxyElement.update (package:flutter/src/widgets/framework.dart:6152:5)
#899    _InheritedNotifierElement.update (package:flutter/src/widgets/inherited_notifier.dart:108:11)
#900    Element.updateChild (package:flutter/src/widgets/framework.dart:4037:15)
#901    ComponentElement.performRebuild (package:flutter/src/widgets/framework.dart:5844:16)
#902    StatefulElement.performRebuild (package:flutter/src/widgets/framework.dart:5985:11)
#903    Element.rebuild (package:flutter/src/widgets/framework.dart:5532:7)
#904    StatefulElement.update (package:flutter/src/widgets/framework.dart:6010:5)
#905    Element.updateChild (package:flutter/src/widgets/framework.dart:4037:15)
#906    ComponentElement.performRebuild (package:flutter/src/widgets/framework.dart:5844:16)
#907    StatefulElement.performRebuild (package:flutter/src/widgets/framework.dart:5985:11)
#908    Element.rebuild (package:flutter/src/widgets/framework.dart:5532:7)
#909    StatefulElement.update (package:flutter/src/widgets/framework.dart:6010:5)
#910    Element.updateChild (package:flutter/src/widgets/framework.dart:4037:15)
#911    ComponentElement.performRebuild (package:flutter/src/widgets/framework.dart:5844:16)
#912    Element.rebuild (package:flutter/src/widgets/framework.dart:5532:7)
#913    ProxyElement.update (package:flutter/src/widgets/framework.dart:6152:5)
#914    Element.updateChild (package:flutter/src/widgets/framework.dart:4037:15)
#915    ComponentElement.performRebuild (package:flutter/src/widgets/framework.dart:5844:16)
#916    StatefulElement.performRebuild (package:flutter/src/widgets/framework.dart:5985:11)
#917    Element.rebuild (package:flutter/src/widgets/framework.dart:5532:7)
#918    StatefulElement.update (package:flutter/src/widgets/framework.dart:6010:5)
#919    Element.updateChild (package:flutter/src/widgets/framework.dart:4037:15)
#920    ComponentElement.performRebuild (package:flutter/src/widgets/framework.dart:5844:16)
#921    Element.rebuild (package:flutter/src/widgets/framework.dart:5532:7)
#922    ProxyElement.update (package:flutter/src/widgets/framework.dart:6152:5)
#923    Element.updateChild (package:flutter/src/widgets/framework.dart:4037:15)
#924    ComponentElement.performRebuild (package:flutter/src/widgets/framework.dart:5844:16)
#925    Element.rebuild (package:flutter/src/widgets/framework.dart:5532:7)
#926    ProxyElement.update (package:flutter/src/widgets/framework.dart:6152:5)
#927    Element.updateChild (package:flutter/src/widgets/framework.dart:4037:15)
#928    _RawViewElement._updateChild (package:flutter/src/widgets/view.dart:481:16)
#929    _RawViewElement.update (package:flutter/src/widgets/view.dart:568:5)
#930    Element.updateChild (package:flutter/src/widgets/framework.dart:4037:15)
#931    ComponentElement.performRebuild (package:flutter/src/widgets/framework.dart:5844:16)
#932    Element.rebuild (package:flutter/src/widgets/framework.dart:5532:7)
#933    StatelessElement.update (package:flutter/src/widgets/framework.dart:5898:5)
#934    Element.updateChild (package:flutter/src/widgets/framework.dart:4037:15)
#935    ComponentElement.performRebuild (package:flutter/src/widgets/framework.dart:5844:16)
#936    StatefulElement.performRebuild (package:flutter/src/widgets/framework.dart:5985:11)
#937    Element.rebuild (package:flutter/src/widgets/framework.dart:5532:7)
#938    StatefulElement.update (package:flutter/src/widgets/framework.dart:6010:5)
#939    Element.updateChild (package:flutter/src/widgets/framework.dart:4037:15)
#940    RootElement._rebuild (package:flutter/src/widgets/binding.dart:1782:16)
#941    RootElement.update (package:flutter/src/widgets/binding.dart:1760:5)
#942    RootElement.performRebuild (package:flutter/src/widgets/binding.dart:1774:7)
#943    Element.rebuild (package:flutter/src/widgets/framework.dart:5532:7)
#944    BuildScope._tryRebuild (package:flutter/src/widgets/framework.dart:2750:15)
#945    BuildScope._flushDirtyElements (package:flutter/src/widgets/framework.dart:2807:11)
#946    BuildOwner.buildScope (package:flutter/src/widgets/framework.dart:3111:18)
#947    AutomatedTestWidgetsFlutterBinding.drawFrame (package:flutter_test/src/binding.dart:1506:19)
#948    RendererBinding._handlePersistentFrameCallback (package:flutter/src/rendering/binding.dart:495:5)
#949    SchedulerBinding._invokeFrameCallback (package:flutter/src/scheduler/binding.dart:1434:15)
#950    SchedulerBinding.handleDrawFrame (package:flutter/src/scheduler/binding.dart:1347:9)
#951    AutomatedTestWidgetsFlutterBinding.pump.<anonymous closure> (package:flutter_test/src/binding.dart:1335:9)
#954    TestAsyncUtils.guard (package:flutter_test/src/test_async_utils.dart:74:41)
#955    AutomatedTestWidgetsFlutterBinding.pump (package:flutter_test/src/binding.dart:1324:27)
#956    WidgetTester.pumpWidget.<anonymous closure> (package:flutter_test/src/widget_tester.dart:598:22)
#959    TestAsyncUtils.guard (package:flutter_test/src/test_async_utils.dart:74:41)
#960    WidgetTester.pumpWidget (package:flutter_test/src/widget_tester.dart:595:27)
#961    main.<anonymous closure> (file:///C:/Users/ACER/Desktop/soutenance/togoschool/test/widget_test.dart:19:18)
#962    testWidgets.<anonymous closure>.<anonymous closure> (package:flutter_test/src/widget_tester.dart:192:29)
<asynchronous suspension>
#963    TestWidgetsFlutterBinding._runTestBody (package:flutter_test/src/binding.dart:1059:5)
<asynchronous suspension>
<asynchronous suspension>
(elided 9 frames from dart:async and package:stack_trace)

Timer (duration: 0:00:00.000000, periodic: false), created:
#0      new FakeTimer._ (package:fake_async/fake_async.dart:342:62)
#1      FakeAsync._createTimer (package:fake_async/fake_async.dart:260:29)
#2      FakeAsync.run.<anonymous closure> (package:fake_async/fake_async.dart:185:15)
#7      DioMixin.fetch (package:dio/src/dio_mixin.dart:466:30)
#8      DioMixin.request (package:dio/src/dio_mixin.dart:374:12)
#9      DioMixin.get (package:dio/src/dio_mixin.dart:71:12)
#10     ApiService.read (package:togoschool/service/api_service.dart:107:24)
#11     _AdminAcceuilState.getTeachers (package:togoschool/pages/admin/admin_acceuil.dart:58:13)
#12     _AdminAcceuilState.initState (package:togoschool/pages/admin/admin_acceuil.dart:51:5)
#13     StatefulElement._firstBuild (package:flutter/src/widgets/framework.dart:5953:55)
#14     ComponentElement.mount (package:flutter/src/widgets/framework.dart:5796:5)
...     Normal element mounting (40 frames)
#54     Element.inflateWidget (package:flutter/src/widgets/framework.dart:4590:20)
#55     MultiChildRenderObjectElement.inflateWidget (package:flutter/src/widgets/framework.dart:7269:36)
#56     MultiChildRenderObjectElement.mount (package:flutter/src/widgets/framework.dart:7285:32)
...     Normal element mounting (372 frames)
#428    Element.inflateWidget (package:flutter/src/widgets/framework.dart:4590:20)
#429    MultiChildRenderObjectElement.inflateWidget (package:flutter/src/widgets/framework.dart:7269:36)
#430    MultiChildRenderObjectElement.mount (package:flutter/src/widgets/framework.dart:7285:32)
...     Normal element mounting (454 frames)
#884    Element.inflateWidget (package:flutter/src/widgets/framework.dart:4590:20)
#885    Element.updateChild (package:flutter/src/widgets/framework.dart:4053:20)
#886    ComponentElement.performRebuild (package:flutter/src/widgets/framework.dart:5844:16)
#887    Element.rebuild (package:flutter/src/widgets/framework.dart:5532:7)
#888    ProxyElement.update (package:flutter/src/widgets/framework.dart:6152:5)
#889    _InheritedNotifierElement.update (package:flutter/src/widgets/inherited_notifier.dart:108:11)
#890    Element.updateChild (package:flutter/src/widgets/framework.dart:4037:15)
#891    ComponentElement.performRebuild (package:flutter/src/widgets/framework.dart:5844:16)
#892    StatefulElement.performRebuild (package:flutter/src/widgets/framework.dart:5985:11)
#893    Element.rebuild (package:flutter/src/widgets/framework.dart:5532:7)
#894    StatefulElement.update (package:flutter/src/widgets/framework.dart:6010:5)
#895    Element.updateChild (package:flutter/src/widgets/framework.dart:4037:15)
#896    ComponentElement.performRebuild (package:flutter/src/widgets/framework.dart:5844:16)
#897    Element.rebuild (package:flutter/src/widgets/framework.dart:5532:7)
#898    ProxyElement.update (package:flutter/src/widgets/framework.dart:6152:5)
#899    _InheritedNotifierElement.update (package:flutter/src/widgets/inherited_notifier.dart:108:11)
#900    Element.updateChild (package:flutter/src/widgets/framework.dart:4037:15)
#901    ComponentElement.performRebuild (package:flutter/src/widgets/framework.dart:5844:16)
#902    StatefulElement.performRebuild (package:flutter/src/widgets/framework.dart:5985:11)
#903    Element.rebuild (package:flutter/src/widgets/framework.dart:5532:7)
#904    StatefulElement.update (package:flutter/src/widgets/framework.dart:6010:5)
#905    Element.updateChild (package:flutter/src/widgets/framework.dart:4037:15)
#906    ComponentElement.performRebuild (package:flutter/src/widgets/framework.dart:5844:16)
#907    StatefulElement.performRebuild (package:flutter/src/widgets/framework.dart:5985:11)
#908    Element.rebuild (package:flutter/src/widgets/framework.dart:5532:7)
#909    StatefulElement.update (package:flutter/src/widgets/framework.dart:6010:5)
#910    Element.updateChild (package:flutter/src/widgets/framework.dart:4037:15)
#911    ComponentElement.performRebuild (package:flutter/src/widgets/framework.dart:5844:16)
#912    Element.rebuild (package:flutter/src/widgets/framework.dart:5532:7)
#913    ProxyElement.update (package:flutter/src/widgets/framework.dart:6152:5)
#914    Element.updateChild (package:flutter/src/widgets/framework.dart:4037:15)
#915    ComponentElement.performRebuild (package:flutter/src/widgets/framework.dart:5844:16)
#916    StatefulElement.performRebuild (package:flutter/src/widgets/framework.dart:5985:11)
#917    Element.rebuild (package:flutter/src/widgets/framework.dart:5532:7)
#918    StatefulElement.update (package:flutter/src/widgets/framework.dart:6010:5)
#919    Element.updateChild (package:flutter/src/widgets/framework.dart:4037:15)
#920    ComponentElement.performRebuild (package:flutter/src/widgets/framework.dart:5844:16)
#921    Element.rebuild (package:flutter/src/widgets/framework.dart:5532:7)
#922    ProxyElement.update (package:flutter/src/widgets/framework.dart:6152:5)
#923    Element.updateChild (package:flutter/src/widgets/framework.dart:4037:15)
#924    ComponentElement.performRebuild (package:flutter/src/widgets/framework.dart:5844:16)
#925    Element.rebuild (package:flutter/src/widgets/framework.dart:5532:7)
#926    ProxyElement.update (package:flutter/src/widgets/framework.dart:6152:5)
#927    Element.updateChild (package:flutter/src/widgets/framework.dart:4037:15)
#928    _RawViewElement._updateChild (package:flutter/src/widgets/view.dart:481:16)
#929    _RawViewElement.update (package:flutter/src/widgets/view.dart:568:5)
#930    Element.updateChild (package:flutter/src/widgets/framework.dart:4037:15)
#931    ComponentElement.performRebuild (package:flutter/src/widgets/framework.dart:5844:16)
#932    Element.rebuild (package:flutter/src/widgets/framework.dart:5532:7)
#933    StatelessElement.update (package:flutter/src/widgets/framework.dart:5898:5)
#934    Element.updateChild (package:flutter/src/widgets/framework.dart:4037:15)
#935    ComponentElement.performRebuild (package:flutter/src/widgets/framework.dart:5844:16)
#936    StatefulElement.performRebuild (package:flutter/src/widgets/framework.dart:5985:11)
#937    Element.rebuild (package:flutter/src/widgets/framework.dart:5532:7)
#938    StatefulElement.update (package:flutter/src/widgets/framework.dart:6010:5)
#939    Element.updateChild (package:flutter/src/widgets/framework.dart:4037:15)
#940    RootElement._rebuild (package:flutter/src/widgets/binding.dart:1782:16)
#941    RootElement.update (package:flutter/src/widgets/binding.dart:1760:5)
#942    RootElement.performRebuild (package:flutter/src/widgets/binding.dart:1774:7)
#943    Element.rebuild (package:flutter/src/widgets/framework.dart:5532:7)
#944    BuildScope._tryRebuild (package:flutter/src/widgets/framework.dart:2750:15)
#945    BuildScope._flushDirtyElements (package:flutter/src/widgets/framework.dart:2807:11)
#946    BuildOwner.buildScope (package:flutter/src/widgets/framework.dart:3111:18)
#947    AutomatedTestWidgetsFlutterBinding.drawFrame (package:flutter_test/src/binding.dart:1506:19)
#948    RendererBinding._handlePersistentFrameCallback (package:flutter/src/rendering/binding.dart:495:5)
#949    SchedulerBinding._invokeFrameCallback (package:flutter/src/scheduler/binding.dart:1434:15)
#950    SchedulerBinding.handleDrawFrame (package:flutter/src/scheduler/binding.dart:1347:9)
#951    AutomatedTestWidgetsFlutterBinding.pump.<anonymous closure> (package:flutter_test/src/binding.dart:1335:9)
#954    TestAsyncUtils.guard (package:flutter_test/src/test_async_utils.dart:74:41)
#955    AutomatedTestWidgetsFlutterBinding.pump (package:flutter_test/src/binding.dart:1324:27)
#956    WidgetTester.pumpWidget.<anonymous closure> (package:flutter_test/src/widget_tester.dart:598:22)
#959    TestAsyncUtils.guard (package:flutter_test/src/test_async_utils.dart:74:41)
#960    WidgetTester.pumpWidget (package:flutter_test/src/widget_tester.dart:595:27)
#961    main.<anonymous closure> (file:///C:/Users/ACER/Desktop/soutenance/togoschool/test/widget_test.dart:19:18)
#962    testWidgets.<anonymous closure>.<anonymous closure> (package:flutter_test/src/widget_tester.dart:192:29)
<asynchronous suspension>
#963    TestWidgetsFlutterBinding._runTestBody (package:flutter_test/src/binding.dart:1059:5)
<asynchronous suspension>
<asynchronous suspension>
(elided 9 frames from dart:async and package:stack_trace)

ÔòÉÔòÉÔòí EXCEPTION CAUGHT BY FLUTTER TEST FRAMEWORK Ôò×ÔòÉÔòÉÔòÉÔòÉÔòÉÔòÉÔòÉÔòÉÔòÉÔòÉÔòÉÔòÉÔòÉÔòÉÔòÉÔòÉÔòÉÔòÉÔòÉÔòÉÔòÉÔòÉÔòÉÔòÉÔòÉÔòÉÔòÉÔòÉÔòÉÔòÉÔòÉÔòÉÔòÉÔòÉÔòÉÔòÉÔòÉÔòÉÔòÉÔòÉÔòÉÔòÉÔòÉÔòÉÔòÉÔòÉÔòÉÔòÉÔòÉÔòÉÔòÉÔòÉ
The following assertion was thrown running a test:
A Timer is still pending even after the widget tree was disposed.
'package:flutter_test/src/binding.dart':
Failed assertion: line 1617 pos 12: '!timersPending'

When the exception was thrown, this was the stack:
#2      AutomatedTestWidgetsFlutterBinding._verifyInvariants (package:flutter_test/src/binding.dart:1617:12)
#3      TestWidgetsFlutterBinding._runTestBody (package:flutter_test/src/binding.dart:1078:7)
<asynchronous suspension>
<asynchronous suspension>
(elided 3 frames from class _AssertionError and package:stack_trace)

The test description was:
  Admin dashboard is shown when roleId = 1
ÔòÉÔòÉÔòÉÔòÉÔòÉÔòÉÔòÉÔòÉÔòÉÔòÉÔòÉÔòÉÔòÉÔòÉÔòÉÔòÉÔòÉÔòÉÔòÉÔòÉÔòÉÔòÉÔòÉÔòÉÔòÉÔòÉÔòÉÔòÉÔòÉÔòÉÔòÉÔòÉÔòÉÔòÉÔòÉÔòÉÔòÉÔòÉÔòÉÔòÉÔòÉÔòÉÔòÉÔòÉÔòÉÔòÉÔòÉÔòÉÔòÉÔòÉÔòÉÔòÉÔòÉÔòÉÔòÉÔòÉÔòÉÔòÉÔòÉÔòÉÔòÉÔòÉÔòÉÔòÉÔòÉÔòÉÔòÉÔòÉÔòÉÔòÉÔòÉÔòÉÔòÉÔòÉÔòÉÔòÉÔòÉÔòÉÔòÉÔòÉÔòÉÔòÉÔòÉÔòÉÔòÉÔòÉÔòÉÔòÉÔòÉÔòÉÔòÉÔòÉÔòÉÔòÉÔòÉÔòÉÔòÉÔòÉÔòÉÔòÉ
00:01 +1 -1: Admin dashboard is shown when roleId = 1 [E]
  Test failed. See exception logs above.
  The test description was: Admin dashboard is shown when roleId = 1
  
00:01 +1 -1: Teacher dashboard is shown when roleId = 2
Pending timers:
Timer (duration: 0:00:00.000000, periodic: false), created:
#0      new FakeTimer._ (package:fake_async/fake_async.dart:342:62)
#1      FakeAsync._createTimer (package:fake_async/fake_async.dart:260:29)
#2      FakeAsync.run.<anonymous closure> (package:fake_async/fake_async.dart:185:15)
#7      DioMixin.fetch (package:dio/src/dio_mixin.dart:466:30)
#8      DioMixin.request (package:dio/src/dio_mixin.dart:374:12)
#9      DioMixin.get (package:dio/src/dio_mixin.dart:71:12)
#10     ApiService.read (package:togoschool/service/api_service.dart:107:24)
#11     _TeacherAcceuilState.getMatieresByUser (package:togoschool/pages/teacher/teacher_acceuil.dart:83:32)
#12     _TeacherAcceuilState._refreshData (package:togoschool/pages/teacher/teacher_acceuil.dart:57:9)
#13     _TeacherAcceuilState.initState (package:togoschool/pages/teacher/teacher_acceuil.dart:48:5)
#14     StatefulElement._firstBuild (package:flutter/src/widgets/framework.dart:5953:55)
#15     ComponentElement.mount (package:flutter/src/widgets/framework.dart:5796:5)
...     Normal element mounting (40 frames)
#55     Element.inflateWidget (package:flutter/src/widgets/framework.dart:4590:20)
#56     MultiChildRenderObjectElement.inflateWidget (package:flutter/src/widgets/framework.dart:7269:36)
#57     MultiChildRenderObjectElement.mount (package:flutter/src/widgets/framework.dart:7285:32)
...     Normal element mounting (372 frames)
#429    Element.inflateWidget (package:flutter/src/widgets/framework.dart:4590:20)
#430    MultiChildRenderObjectElement.inflateWidget (package:flutter/src/widgets/framework.dart:7269:36)
#431    MultiChildRenderObjectElement.mount (package:flutter/src/widgets/framework.dart:7285:32)
...     Normal element mounting (454 frames)
#885    Element.inflateWidget (package:flutter/src/widgets/framework.dart:4590:20)
#886    Element.updateChild (package:flutter/src/widgets/framework.dart:4053:20)
#887    ComponentElement.performRebuild (package:flutter/src/widgets/framework.dart:5844:16)
#888    Element.rebuild (package:flutter/src/widgets/framework.dart:5532:7)
#889    ProxyElement.update (package:flutter/src/widgets/framework.dart:6152:5)
#890    _InheritedNotifierElement.update (package:flutter/src/widgets/inherited_notifier.dart:108:11)
#891    Element.updateChild (package:flutter/src/widgets/framework.dart:4037:15)
#892    ComponentElement.performRebuild (package:flutter/src/widgets/framework.dart:5844:16)
#893    StatefulElement.performRebuild (package:flutter/src/widgets/framework.dart:5985:11)
#894    Element.rebuild (package:flutter/src/widgets/framework.dart:5532:7)
#895    StatefulElement.update (package:flutter/src/widgets/framework.dart:6010:5)
#896    Element.updateChild (package:flutter/src/widgets/framework.dart:4037:15)
#897    ComponentElement.performRebuild (package:flutter/src/widgets/framework.dart:5844:16)
#898    Element.rebuild (package:flutter/src/widgets/framework.dart:5532:7)
#899    ProxyElement.update (package:flutter/src/widgets/framework.dart:6152:5)
#900    _InheritedNotifierElement.update (package:flutter/src/widgets/inherited_notifier.dart:108:11)
#901    Element.updateChild (package:flutter/src/widgets/framework.dart:4037:15)
#902    ComponentElement.performRebuild (package:flutter/src/widgets/framework.dart:5844:16)
#903    StatefulElement.performRebuild (package:flutter/src/widgets/framework.dart:5985:11)
#904    Element.rebuild (package:flutter/src/widgets/framework.dart:5532:7)
#905    StatefulElement.update (package:flutter/src/widgets/framework.dart:6010:5)
#906    Element.updateChild (package:flutter/src/widgets/framework.dart:4037:15)
#907    ComponentElement.performRebuild (package:flutter/src/widgets/framework.dart:5844:16)
#908    StatefulElement.performRebuild (package:flutter/src/widgets/framework.dart:5985:11)
#909    Element.rebuild (package:flutter/src/widgets/framework.dart:5532:7)
#910    StatefulElement.update (package:flutter/src/widgets/framework.dart:6010:5)
#911    Element.updateChild (package:flutter/src/widgets/framework.dart:4037:15)
#912    ComponentElement.performRebuild (package:flutter/src/widgets/framework.dart:5844:16)
#913    Element.rebuild (package:flutter/src/widgets/framework.dart:5532:7)
#914    ProxyElement.update (package:flutter/src/widgets/framework.dart:6152:5)
#915    Element.updateChild (package:flutter/src/widgets/framework.dart:4037:15)
#916    ComponentElement.performRebuild (package:flutter/src/widgets/framework.dart:5844:16)
#917    StatefulElement.performRebuild (package:flutter/src/widgets/framework.dart:5985:11)
#918    Element.rebuild (package:flutter/src/widgets/framework.dart:5532:7)
#919    StatefulElement.update (package:flutter/src/widgets/framework.dart:6010:5)
#920    Element.updateChild (package:flutter/src/widgets/framework.dart:4037:15)
#921    ComponentElement.performRebuild (package:flutter/src/widgets/framework.dart:5844:16)
#922    Element.rebuild (package:flutter/src/widgets/framework.dart:5532:7)
#923    ProxyElement.update (package:flutter/src/widgets/framework.dart:6152:5)
#924    Element.updateChild (package:flutter/src/widgets/framework.dart:4037:15)
#925    ComponentElement.performRebuild (package:flutter/src/widgets/framework.dart:5844:16)
#926    Element.rebuild (package:flutter/src/widgets/framework.dart:5532:7)
#927    ProxyElement.update (package:flutter/src/widgets/framework.dart:6152:5)
#928    Element.updateChild (package:flutter/src/widgets/framework.dart:4037:15)
#929    _RawViewElement._updateChild (package:flutter/src/widgets/view.dart:481:16)
#930    _RawViewElement.update (package:flutter/src/widgets/view.dart:568:5)
#931    Element.updateChild (package:flutter/src/widgets/framework.dart:4037:15)
#932    ComponentElement.performRebuild (package:flutter/src/widgets/framework.dart:5844:16)
#933    Element.rebuild (package:flutter/src/widgets/framework.dart:5532:7)
#934    StatelessElement.update (package:flutter/src/widgets/framework.dart:5898:5)
#935    Element.updateChild (package:flutter/src/widgets/framework.dart:4037:15)
#936    ComponentElement.performRebuild (package:flutter/src/widgets/framework.dart:5844:16)
#937    StatefulElement.performRebuild (package:flutter/src/widgets/framework.dart:5985:11)
#938    Element.rebuild (package:flutter/src/widgets/framework.dart:5532:7)
#939    StatefulElement.update (package:flutter/src/widgets/framework.dart:6010:5)
#940    Element.updateChild (package:flutter/src/widgets/framework.dart:4037:15)
#941    RootElement._rebuild (package:flutter/src/widgets/binding.dart:1782:16)
#942    RootElement.update (package:flutter/src/widgets/binding.dart:1760:5)
#943    RootElement.performRebuild (package:flutter/src/widgets/binding.dart:1774:7)
#944    Element.rebuild (package:flutter/src/widgets/framework.dart:5532:7)
#945    BuildScope._tryRebuild (package:flutter/src/widgets/framework.dart:2750:15)
#946    BuildScope._flushDirtyElements (package:flutter/src/widgets/framework.dart:2807:11)
#947    BuildOwner.buildScope (package:flutter/src/widgets/framework.dart:3111:18)
#948    AutomatedTestWidgetsFlutterBinding.drawFrame (package:flutter_test/src/binding.dart:1506:19)
#949    RendererBinding._handlePersistentFrameCallback (package:flutter/src/rendering/binding.dart:495:5)
#950    SchedulerBinding._invokeFrameCallback (package:flutter/src/scheduler/binding.dart:1434:15)
#951    SchedulerBinding.handleDrawFrame (package:flutter/src/scheduler/binding.dart:1347:9)
#952    AutomatedTestWidgetsFlutterBinding.pump.<anonymous closure> (package:flutter_test/src/binding.dart:1335:9)
#955    TestAsyncUtils.guard (package:flutter_test/src/test_async_utils.dart:74:41)
#956    AutomatedTestWidgetsFlutterBinding.pump (package:flutter_test/src/binding.dart:1324:27)
#957    WidgetTester.pumpWidget.<anonymous closure> (package:flutter_test/src/widget_tester.dart:598:22)
#960    TestAsyncUtils.guard (package:flutter_test/src/test_async_utils.dart:74:41)
#961    WidgetTester.pumpWidget (package:flutter_test/src/widget_tester.dart:595:27)
#962    main.<anonymous closure> (file:///C:/Users/ACER/Desktop/soutenance/togoschool/test/widget_test.dart:26:18)
#963    testWidgets.<anonymous closure>.<anonymous closure> (package:flutter_test/src/widget_tester.dart:192:29)
<asynchronous suspension>
#964    TestWidgetsFlutterBinding._runTestBody (package:flutter_test/src/binding.dart:1059:5)
<asynchronous suspension>
<asynchronous suspension>
(elided 9 frames from dart:async and package:stack_trace)

Timer (duration: 0:00:00.000000, periodic: false), created:
#0      new FakeTimer._ (package:fake_async/fake_async.dart:342:62)
#1      FakeAsync._createTimer (package:fake_async/fake_async.dart:260:29)
#2      FakeAsync.run.<anonymous closure> (package:fake_async/fake_async.dart:185:15)
#7      DioMixin.fetch (package:dio/src/dio_mixin.dart:466:30)
#8      DioMixin.request (package:dio/src/dio_mixin.dart:374:12)
#9      DioMixin.get (package:dio/src/dio_mixin.dart:71:12)
#10     ApiService.read (package:togoschool/service/api_service.dart:107:24)
#11     _TeacherAcceuilState._refreshData (package:togoschool/pages/teacher/teacher_acceuil.dart:58:13)
#12     _TeacherAcceuilState.initState (package:togoschool/pages/teacher/teacher_acceuil.dart:48:5)
#13     StatefulElement._firstBuild (package:flutter/src/widgets/framework.dart:5953:55)
#14     ComponentElement.mount (package:flutter/src/widgets/framework.dart:5796:5)
...     Normal element mounting (40 frames)
#54     Element.inflateWidget (package:flutter/src/widgets/framework.dart:4590:20)
#55     MultiChildRenderObjectElement.inflateWidget (package:flutter/src/widgets/framework.dart:7269:36)
#56     MultiChildRenderObjectElement.mount (package:flutter/src/widgets/framework.dart:7285:32)
...     Normal element mounting (372 frames)
#428    Element.inflateWidget (package:flutter/src/widgets/framework.dart:4590:20)
#429    MultiChildRenderObjectElement.inflateWidget (package:flutter/src/widgets/framework.dart:7269:36)
#430    MultiChildRenderObjectElement.mount (package:flutter/src/widgets/framework.dart:7285:32)
...     Normal element mounting (454 frames)
#884    Element.inflateWidget (package:flutter/src/widgets/framework.dart:4590:20)
#885    Element.updateChild (package:flutter/src/widgets/framework.dart:4053:20)
#886    ComponentElement.performRebuild (package:flutter/src/widgets/framework.dart:5844:16)
#887    Element.rebuild (package:flutter/src/widgets/framework.dart:5532:7)
#888    ProxyElement.update (package:flutter/src/widgets/framework.dart:6152:5)
#889    _InheritedNotifierElement.update (package:flutter/src/widgets/inherited_notifier.dart:108:11)
#890    Element.updateChild (package:flutter/src/widgets/framework.dart:4037:15)
#891    ComponentElement.performRebuild (package:flutter/src/widgets/framework.dart:5844:16)
#892    StatefulElement.performRebuild (package:flutter/src/widgets/framework.dart:5985:11)
#893    Element.rebuild (package:flutter/src/widgets/framework.dart:5532:7)
#894    StatefulElement.update (package:flutter/src/widgets/framework.dart:6010:5)
#895    Element.updateChild (package:flutter/src/widgets/framework.dart:4037:15)
#896    ComponentElement.performRebuild (package:flutter/src/widgets/framework.dart:5844:16)
#897    Element.rebuild (package:flutter/src/widgets/framework.dart:5532:7)
#898    ProxyElement.update (package:flutter/src/widgets/framework.dart:6152:5)
#899    _InheritedNotifierElement.update (package:flutter/src/widgets/inherited_notifier.dart:108:11)
#900    Element.updateChild (package:flutter/src/widgets/framework.dart:4037:15)
#901    ComponentElement.performRebuild (package:flutter/src/widgets/framework.dart:5844:16)
#902    StatefulElement.performRebuild (package:flutter/src/widgets/framework.dart:5985:11)
#903    Element.rebuild (package:flutter/src/widgets/framework.dart:5532:7)
#904    StatefulElement.update (package:flutter/src/widgets/framework.dart:6010:5)
#905    Element.updateChild (package:flutter/src/widgets/framework.dart:4037:15)
#906    ComponentElement.performRebuild (package:flutter/src/widgets/framework.dart:5844:16)
#907    StatefulElement.performRebuild (package:flutter/src/widgets/framework.dart:5985:11)
#908    Element.rebuild (package:flutter/src/widgets/framework.dart:5532:7)
#909    StatefulElement.update (package:flutter/src/widgets/framework.dart:6010:5)
#910    Element.updateChild (package:flutter/src/widgets/framework.dart:4037:15)
#911    ComponentElement.performRebuild (package:flutter/src/widgets/framework.dart:5844:16)
#912    Element.rebuild (package:flutter/src/widgets/framework.dart:5532:7)
#913    ProxyElement.update (package:flutter/src/widgets/framework.dart:6152:5)
#914    Element.updateChild (package:flutter/src/widgets/framework.dart:4037:15)
#915    ComponentElement.performRebuild (package:flutter/src/widgets/framework.dart:5844:16)
#916    StatefulElement.performRebuild (package:flutter/src/widgets/framework.dart:5985:11)
#917    Element.rebuild (package:flutter/src/widgets/framework.dart:5532:7)
#918    StatefulElement.update (package:flutter/src/widgets/framework.dart:6010:5)
#919    Element.updateChild (package:flutter/src/widgets/framework.dart:4037:15)
#920    ComponentElement.performRebuild (package:flutter/src/widgets/framework.dart:5844:16)
#921    Element.rebuild (package:flutter/src/widgets/framework.dart:5532:7)
#922    ProxyElement.update (package:flutter/src/widgets/framework.dart:6152:5)
#923    Element.updateChild (package:flutter/src/widgets/framework.dart:4037:15)
#924    ComponentElement.performRebuild (package:flutter/src/widgets/framework.dart:5844:16)
#925    Element.rebuild (package:flutter/src/widgets/framework.dart:5532:7)
#926    ProxyElement.update (package:flutter/src/widgets/framework.dart:6152:5)
#927    Element.updateChild (package:flutter/src/widgets/framework.dart:4037:15)
#928    _RawViewElement._updateChild (package:flutter/src/widgets/view.dart:481:16)
#929    _RawViewElement.update (package:flutter/src/widgets/view.dart:568:5)
#930    Element.updateChild (package:flutter/src/widgets/framework.dart:4037:15)
#931    ComponentElement.performRebuild (package:flutter/src/widgets/framework.dart:5844:16)
#932    Element.rebuild (package:flutter/src/widgets/framework.dart:5532:7)
#933    StatelessElement.update (package:flutter/src/widgets/framework.dart:5898:5)
#934    Element.updateChild (package:flutter/src/widgets/framework.dart:4037:15)
#935    ComponentElement.performRebuild (package:flutter/src/widgets/framework.dart:5844:16)
#936    StatefulElement.performRebuild (package:flutter/src/widgets/framework.dart:5985:11)
#937    Element.rebuild (package:flutter/src/widgets/framework.dart:5532:7)
#938    StatefulElement.update (package:flutter/src/widgets/framework.dart:6010:5)
#939    Element.updateChild (package:flutter/src/widgets/framework.dart:4037:15)
#940    RootElement._rebuild (package:flutter/src/widgets/binding.dart:1782:16)
#941    RootElement.update (package:flutter/src/widgets/binding.dart:1760:5)
#942    RootElement.performRebuild (package:flutter/src/widgets/binding.dart:1774:7)
#943    Element.rebuild (package:flutter/src/widgets/framework.dart:5532:7)
#944    BuildScope._tryRebuild (package:flutter/src/widgets/framework.dart:2750:15)
#945    BuildScope._flushDirtyElements (package:flutter/src/widgets/framework.dart:2807:11)
#946    BuildOwner.buildScope (package:flutter/src/widgets/framework.dart:3111:18)
#947    AutomatedTestWidgetsFlutterBinding.drawFrame (package:flutter_test/src/binding.dart:1506:19)
#948    RendererBinding._handlePersistentFrameCallback (package:flutter/src/rendering/binding.dart:495:5)
#949    SchedulerBinding._invokeFrameCallback (package:flutter/src/scheduler/binding.dart:1434:15)
#950    SchedulerBinding.handleDrawFrame (package:flutter/src/scheduler/binding.dart:1347:9)
#951    AutomatedTestWidgetsFlutterBinding.pump.<anonymous closure> (package:flutter_test/src/binding.dart:1335:9)
#954    TestAsyncUtils.guard (package:flutter_test/src/test_async_utils.dart:74:41)
#955    AutomatedTestWidgetsFlutterBinding.pump (package:flutter_test/src/binding.dart:1324:27)
#956    WidgetTester.pumpWidget.<anonymous closure> (package:flutter_test/src/widget_tester.dart:598:22)
#959    TestAsyncUtils.guard (package:flutter_test/src/test_async_utils.dart:74:41)
#960    WidgetTester.pumpWidget (package:flutter_test/src/widget_tester.dart:595:27)
#961    main.<anonymous closure> (file:///C:/Users/ACER/Desktop/soutenance/togoschool/test/widget_test.dart:26:18)
#962    testWidgets.<anonymous closure>.<anonymous closure> (package:flutter_test/src/widget_tester.dart:192:29)
<asynchronous suspension>
#963    TestWidgetsFlutterBinding._runTestBody (package:flutter_test/src/binding.dart:1059:5)
<asynchronous suspension>
<asynchronous suspension>
(elided 9 frames from dart:async and package:stack_trace)

Timer (duration: 0:00:00.000000, periodic: false), created:
#0      new FakeTimer._ (package:fake_async/fake_async.dart:342:62)
#1      FakeAsync._createTimer (package:fake_async/fake_async.dart:260:29)
#2      FakeAsync.run.<anonymous closure> (package:fake_async/fake_async.dart:185:15)
#7      DioMixin.fetch (package:dio/src/dio_mixin.dart:466:30)
#8      DioMixin.request (package:dio/src/dio_mixin.dart:374:12)
#9      DioMixin.get (package:dio/src/dio_mixin.dart:71:12)
#10     ApiService.read (package:togoschool/service/api_service.dart:107:24)
#11     _TeacherAcceuilState._refreshData (package:togoschool/pages/teacher/teacher_acceuil.dart:59:13)
#12     _TeacherAcceuilState.initState (package:togoschool/pages/teacher/teacher_acceuil.dart:48:5)
#13     StatefulElement._firstBuild (package:flutter/src/widgets/framework.dart:5953:55)
#14     ComponentElement.mount (package:flutter/src/widgets/framework.dart:5796:5)
...     Normal element mounting (40 frames)
#54     Element.inflateWidget (package:flutter/src/widgets/framework.dart:4590:20)
#55     MultiChildRenderObjectElement.inflateWidget (package:flutter/src/widgets/framework.dart:7269:36)
#56     MultiChildRenderObjectElement.mount (package:flutter/src/widgets/framework.dart:7285:32)
...     Normal element mounting (372 frames)
#428    Element.inflateWidget (package:flutter/src/widgets/framework.dart:4590:20)
#429    MultiChildRenderObjectElement.inflateWidget (package:flutter/src/widgets/framework.dart:7269:36)
#430    MultiChildRenderObjectElement.mount (package:flutter/src/widgets/framework.dart:7285:32)
...     Normal element mounting (454 frames)
#884    Element.inflateWidget (package:flutter/src/widgets/framework.dart:4590:20)
#885    Element.updateChild (package:flutter/src/widgets/framework.dart:4053:20)
#886    ComponentElement.performRebuild (package:flutter/src/widgets/framework.dart:5844:16)
#887    Element.rebuild (package:flutter/src/widgets/framework.dart:5532:7)
#888    ProxyElement.update (package:flutter/src/widgets/framework.dart:6152:5)
#889    _InheritedNotifierElement.update (package:flutter/src/widgets/inherited_notifier.dart:108:11)
#890    Element.updateChild (package:flutter/src/widgets/framework.dart:4037:15)
#891    ComponentElement.performRebuild (package:flutter/src/widgets/framework.dart:5844:16)
#892    StatefulElement.performRebuild (package:flutter/src/widgets/framework.dart:5985:11)
#893    Element.rebuild (package:flutter/src/widgets/framework.dart:5532:7)
#894    StatefulElement.update (package:flutter/src/widgets/framework.dart:6010:5)
#895    Element.updateChild (package:flutter/src/widgets/framework.dart:4037:15)
#896    ComponentElement.performRebuild (package:flutter/src/widgets/framework.dart:5844:16)
#897    Element.rebuild (package:flutter/src/widgets/framework.dart:5532:7)
#898    ProxyElement.update (package:flutter/src/widgets/framework.dart:6152:5)
#899    _InheritedNotifierElement.update (package:flutter/src/widgets/inherited_notifier.dart:108:11)
#900    Element.updateChild (package:flutter/src/widgets/framework.dart:4037:15)
#901    ComponentElement.performRebuild (package:flutter/src/widgets/framework.dart:5844:16)
#902    StatefulElement.performRebuild (package:flutter/src/widgets/framework.dart:5985:11)
#903    Element.rebuild (package:flutter/src/widgets/framework.dart:5532:7)
#904    StatefulElement.update (package:flutter/src/widgets/framework.dart:6010:5)
#905    Element.updateChild (package:flutter/src/widgets/framework.dart:4037:15)
#906    ComponentElement.performRebuild (package:flutter/src/widgets/framework.dart:5844:16)
#907    StatefulElement.performRebuild (package:flutter/src/widgets/framework.dart:5985:11)
#908    Element.rebuild (package:flutter/src/widgets/framework.dart:5532:7)
#909    StatefulElement.update (package:flutter/src/widgets/framework.dart:6010:5)
#910    Element.updateChild (package:flutter/src/widgets/framework.dart:4037:15)
#911    ComponentElement.performRebuild (package:flutter/src/widgets/framework.dart:5844:16)
#912    Element.rebuild (package:flutter/src/widgets/framework.dart:5532:7)
#913    ProxyElement.update (package:flutter/src/widgets/framework.dart:6152:5)
#914    Element.updateChild (package:flutter/src/widgets/framework.dart:4037:15)
#915    ComponentElement.performRebuild (package:flutter/src/widgets/framework.dart:5844:16)
#916    StatefulElement.performRebuild (package:flutter/src/widgets/framework.dart:5985:11)
#917    Element.rebuild (package:flutter/src/widgets/framework.dart:5532:7)
#918    StatefulElement.update (package:flutter/src/widgets/framework.dart:6010:5)
#919    Element.updateChild (package:flutter/src/widgets/framework.dart:4037:15)
#920    ComponentElement.performRebuild (package:flutter/src/widgets/framework.dart:5844:16)
#921    Element.rebuild (package:flutter/src/widgets/framework.dart:5532:7)
#922    ProxyElement.update (package:flutter/src/widgets/framework.dart:6152:5)
#923    Element.updateChild (package:flutter/src/widgets/framework.dart:4037:15)
#924    ComponentElement.performRebuild (package:flutter/src/widgets/framework.dart:5844:16)
#925    Element.rebuild (package:flutter/src/widgets/framework.dart:5532:7)
#926    ProxyElement.update (package:flutter/src/widgets/framework.dart:6152:5)
#927    Element.updateChild (package:flutter/src/widgets/framework.dart:4037:15)
#928    _RawViewElement._updateChild (package:flutter/src/widgets/view.dart:481:16)
#929    _RawViewElement.update (package:flutter/src/widgets/view.dart:568:5)
#930    Element.updateChild (package:flutter/src/widgets/framework.dart:4037:15)
#931    ComponentElement.performRebuild (package:flutter/src/widgets/framework.dart:5844:16)
#932    Element.rebuild (package:flutter/src/widgets/framework.dart:5532:7)
#933    StatelessElement.update (package:flutter/src/widgets/framework.dart:5898:5)
#934    Element.updateChild (package:flutter/src/widgets/framework.dart:4037:15)
#935    ComponentElement.performRebuild (package:flutter/src/widgets/framework.dart:5844:16)
#936    StatefulElement.performRebuild (package:flutter/src/widgets/framework.dart:5985:11)
#937    Element.rebuild (package:flutter/src/widgets/framework.dart:5532:7)
#938    StatefulElement.update (package:flutter/src/widgets/framework.dart:6010:5)
#939    Element.updateChild (package:flutter/src/widgets/framework.dart:4037:15)
#940    RootElement._rebuild (package:flutter/src/widgets/binding.dart:1782:16)
#941    RootElement.update (package:flutter/src/widgets/binding.dart:1760:5)
#942    RootElement.performRebuild (package:flutter/src/widgets/binding.dart:1774:7)
#943    Element.rebuild (package:flutter/src/widgets/framework.dart:5532:7)
#944    BuildScope._tryRebuild (package:flutter/src/widgets/framework.dart:2750:15)
#945    BuildScope._flushDirtyElements (package:flutter/src/widgets/framework.dart:2807:11)
#946    BuildOwner.buildScope (package:flutter/src/widgets/framework.dart:3111:18)
#947    AutomatedTestWidgetsFlutterBinding.drawFrame (package:flutter_test/src/binding.dart:1506:19)
#948    RendererBinding._handlePersistentFrameCallback (package:flutter/src/rendering/binding.dart:495:5)
#949    SchedulerBinding._invokeFrameCallback (package:flutter/src/scheduler/binding.dart:1434:15)
#950    SchedulerBinding.handleDrawFrame (package:flutter/src/scheduler/binding.dart:1347:9)
#951    AutomatedTestWidgetsFlutterBinding.pump.<anonymous closure> (package:flutter_test/src/binding.dart:1335:9)
#954    TestAsyncUtils.guard (package:flutter_test/src/test_async_utils.dart:74:41)
#955    AutomatedTestWidgetsFlutterBinding.pump (package:flutter_test/src/binding.dart:1324:27)
#956    WidgetTester.pumpWidget.<anonymous closure> (package:flutter_test/src/widget_tester.dart:598:22)
#959    TestAsyncUtils.guard (package:flutter_test/src/test_async_utils.dart:74:41)
#960    WidgetTester.pumpWidget (package:flutter_test/src/widget_tester.dart:595:27)
#961    main.<anonymous closure> (file:///C:/Users/ACER/Desktop/soutenance/togoschool/test/widget_test.dart:26:18)
#962    testWidgets.<anonymous closure>.<anonymous closure> (package:flutter_test/src/widget_tester.dart:192:29)
<asynchronous suspension>
#963    TestWidgetsFlutterBinding._runTestBody (package:flutter_test/src/binding.dart:1059:5)
<asynchronous suspension>
<asynchronous suspension>
(elided 9 frames from dart:async and package:stack_trace)

Timer (duration: 0:00:00.000000, periodic: false), created:
#0      new FakeTimer._ (package:fake_async/fake_async.dart:342:62)
#1      FakeAsync._createTimer (package:fake_async/fake_async.dart:260:29)
#2      FakeAsync.run.<anonymous closure> (package:fake_async/fake_async.dart:185:15)
#7      DioMixin.fetch (package:dio/src/dio_mixin.dart:466:30)
#8      DioMixin.request (package:dio/src/dio_mixin.dart:374:12)
#9      DioMixin.get (package:dio/src/dio_mixin.dart:71:12)
#10     ApiService.read (package:togoschool/service/api_service.dart:107:24)
#11     _TeacherAcceuilState._refreshData (package:togoschool/pages/teacher/teacher_acceuil.dart:60:13)
#12     _TeacherAcceuilState.initState (package:togoschool/pages/teacher/teacher_acceuil.dart:48:5)
#13     StatefulElement._firstBuild (package:flutter/src/widgets/framework.dart:5953:55)
#14     ComponentElement.mount (package:flutter/src/widgets/framework.dart:5796:5)
...     Normal element mounting (40 frames)
#54     Element.inflateWidget (package:flutter/src/widgets/framework.dart:4590:20)
#55     MultiChildRenderObjectElement.inflateWidget (package:flutter/src/widgets/framework.dart:7269:36)
#56     MultiChildRenderObjectElement.mount (package:flutter/src/widgets/framework.dart:7285:32)
...     Normal element mounting (372 frames)
#428    Element.inflateWidget (package:flutter/src/widgets/framework.dart:4590:20)
#429    MultiChildRenderObjectElement.inflateWidget (package:flutter/src/widgets/framework.dart:7269:36)
#430    MultiChildRenderObjectElement.mount (package:flutter/src/widgets/framework.dart:7285:32)
...     Normal element mounting (454 frames)
#884    Element.inflateWidget (package:flutter/src/widgets/framework.dart:4590:20)
#885    Element.updateChild (package:flutter/src/widgets/framework.dart:4053:20)
#886    ComponentElement.performRebuild (package:flutter/src/widgets/framework.dart:5844:16)
#887    Element.rebuild (package:flutter/src/widgets/framework.dart:5532:7)
#888    ProxyElement.update (package:flutter/src/widgets/framework.dart:6152:5)
#889    _InheritedNotifierElement.update (package:flutter/src/widgets/inherited_notifier.dart:108:11)
#890    Element.updateChild (package:flutter/src/widgets/framework.dart:4037:15)
#891    ComponentElement.performRebuild (package:flutter/src/widgets/framework.dart:5844:16)
#892    StatefulElement.performRebuild (package:flutter/src/widgets/framework.dart:5985:11)
#893    Element.rebuild (package:flutter/src/widgets/framework.dart:5532:7)
#894    StatefulElement.update (package:flutter/src/widgets/framework.dart:6010:5)
#895    Element.updateChild (package:flutter/src/widgets/framework.dart:4037:15)
#896    ComponentElement.performRebuild (package:flutter/src/widgets/framework.dart:5844:16)
#897    Element.rebuild (package:flutter/src/widgets/framework.dart:5532:7)
#898    ProxyElement.update (package:flutter/src/widgets/framework.dart:6152:5)
#899    _InheritedNotifierElement.update (package:flutter/src/widgets/inherited_notifier.dart:108:11)
#900    Element.updateChild (package:flutter/src/widgets/framework.dart:4037:15)
#901    ComponentElement.performRebuild (package:flutter/src/widgets/framework.dart:5844:16)
#902    StatefulElement.performRebuild (package:flutter/src/widgets/framework.dart:5985:11)
#903    Element.rebuild (package:flutter/src/widgets/framework.dart:5532:7)
#904    StatefulElement.update (package:flutter/src/widgets/framework.dart:6010:5)
#905    Element.updateChild (package:flutter/src/widgets/framework.dart:4037:15)
#906    ComponentElement.performRebuild (package:flutter/src/widgets/framework.dart:5844:16)
#907    StatefulElement.performRebuild (package:flutter/src/widgets/framework.dart:5985:11)
#908    Element.rebuild (package:flutter/src/widgets/framework.dart:5532:7)
#909    StatefulElement.update (package:flutter/src/widgets/framework.dart:6010:5)
#910    Element.updateChild (package:flutter/src/widgets/framework.dart:4037:15)
#911    ComponentElement.performRebuild (package:flutter/src/widgets/framework.dart:5844:16)
#912    Element.rebuild (package:flutter/src/widgets/framework.dart:5532:7)
#913    ProxyElement.update (package:flutter/src/widgets/framework.dart:6152:5)
#914    Element.updateChild (package:flutter/src/widgets/framework.dart:4037:15)
#915    ComponentElement.performRebuild (package:flutter/src/widgets/framework.dart:5844:16)
#916    StatefulElement.performRebuild (package:flutter/src/widgets/framework.dart:5985:11)
#917    Element.rebuild (package:flutter/src/widgets/framework.dart:5532:7)
#918    StatefulElement.update (package:flutter/src/widgets/framework.dart:6010:5)
#919    Element.updateChild (package:flutter/src/widgets/framework.dart:4037:15)
#920    ComponentElement.performRebuild (package:flutter/src/widgets/framework.dart:5844:16)
#921    Element.rebuild (package:flutter/src/widgets/framework.dart:5532:7)
#922    ProxyElement.update (package:flutter/src/widgets/framework.dart:6152:5)
#923    Element.updateChild (package:flutter/src/widgets/framework.dart:4037:15)
#924    ComponentElement.performRebuild (package:flutter/src/widgets/framework.dart:5844:16)
#925    Element.rebuild (package:flutter/src/widgets/framework.dart:5532:7)
#926    ProxyElement.update (package:flutter/src/widgets/framework.dart:6152:5)
#927    Element.updateChild (package:flutter/src/widgets/framework.dart:4037:15)
#928    _RawViewElement._updateChild (package:flutter/src/widgets/view.dart:481:16)
#929    _RawViewElement.update (package:flutter/src/widgets/view.dart:568:5)
#930    Element.updateChild (package:flutter/src/widgets/framework.dart:4037:15)
#931    ComponentElement.performRebuild (package:flutter/src/widgets/framework.dart:5844:16)
#932    Element.rebuild (package:flutter/src/widgets/framework.dart:5532:7)
#933    StatelessElement.update (package:flutter/src/widgets/framework.dart:5898:5)
#934    Element.updateChild (package:flutter/src/widgets/framework.dart:4037:15)
#935    ComponentElement.performRebuild (package:flutter/src/widgets/framework.dart:5844:16)
#936    StatefulElement.performRebuild (package:flutter/src/widgets/framework.dart:5985:11)
#937    Element.rebuild (package:flutter/src/widgets/framework.dart:5532:7)
#938    StatefulElement.update (package:flutter/src/widgets/framework.dart:6010:5)
#939    Element.updateChild (package:flutter/src/widgets/framework.dart:4037:15)
#940    RootElement._rebuild (package:flutter/src/widgets/binding.dart:1782:16)
#941    RootElement.update (package:flutter/src/widgets/binding.dart:1760:5)
#942    RootElement.performRebuild (package:flutter/src/widgets/binding.dart:1774:7)
#943    Element.rebuild (package:flutter/src/widgets/framework.dart:5532:7)
#944    BuildScope._tryRebuild (package:flutter/src/widgets/framework.dart:2750:15)
#945    BuildScope._flushDirtyElements (package:flutter/src/widgets/framework.dart:2807:11)
#946    BuildOwner.buildScope (package:flutter/src/widgets/framework.dart:3111:18)
#947    AutomatedTestWidgetsFlutterBinding.drawFrame (package:flutter_test/src/binding.dart:1506:19)
#948    RendererBinding._handlePersistentFrameCallback (package:flutter/src/rendering/binding.dart:495:5)
#949    SchedulerBinding._invokeFrameCallback (package:flutter/src/scheduler/binding.dart:1434:15)
#950    SchedulerBinding.handleDrawFrame (package:flutter/src/scheduler/binding.dart:1347:9)
#951    AutomatedTestWidgetsFlutterBinding.pump.<anonymous closure> (package:flutter_test/src/binding.dart:1335:9)
#954    TestAsyncUtils.guard (package:flutter_test/src/test_async_utils.dart:74:41)
#955    AutomatedTestWidgetsFlutterBinding.pump (package:flutter_test/src/binding.dart:1324:27)
#956    WidgetTester.pumpWidget.<anonymous closure> (package:flutter_test/src/widget_tester.dart:598:22)
#959    TestAsyncUtils.guard (package:flutter_test/src/test_async_utils.dart:74:41)
#960    WidgetTester.pumpWidget (package:flutter_test/src/widget_tester.dart:595:27)
#961    main.<anonymous closure> (file:///C:/Users/ACER/Desktop/soutenance/togoschool/test/widget_test.dart:26:18)
#962    testWidgets.<anonymous closure>.<anonymous closure> (package:flutter_test/src/widget_tester.dart:192:29)
<asynchronous suspension>
#963    TestWidgetsFlutterBinding._runTestBody (package:flutter_test/src/binding.dart:1059:5)
<asynchronous suspension>
<asynchronous suspension>
(elided 9 frames from dart:async and package:stack_trace)

ÔòÉÔòÉÔòí EXCEPTION CAUGHT BY FLUTTER TEST FRAMEWORK Ôò×ÔòÉÔòÉÔòÉÔòÉÔòÉÔòÉÔòÉÔòÉÔòÉÔòÉÔòÉÔòÉÔòÉÔòÉÔòÉÔòÉÔòÉÔòÉÔòÉÔòÉÔòÉÔòÉÔòÉÔòÉÔòÉÔòÉÔòÉÔòÉÔòÉÔòÉÔòÉÔòÉÔòÉÔòÉÔòÉÔòÉÔòÉÔòÉÔòÉÔòÉÔòÉÔòÉÔòÉÔòÉÔòÉÔòÉÔòÉÔòÉÔòÉÔòÉÔòÉÔòÉ
The following assertion was thrown running a test:
A Timer is still pending even after the widget tree was disposed.
'package:flutter_test/src/binding.dart':
Failed assertion: line 1617 pos 12: '!timersPending'

When the exception was thrown, this was the stack:
#2      AutomatedTestWidgetsFlutterBinding._verifyInvariants (package:flutter_test/src/binding.dart:1617:12)
#3      TestWidgetsFlutterBinding._runTestBody (package:flutter_test/src/binding.dart:1078:7)
<asynchronous suspension>
<asynchronous suspension>
(elided 3 frames from class _AssertionError and package:stack_trace)

The test description was:
  Teacher dashboard is shown when roleId = 2
ÔòÉÔòÉÔòÉÔòÉÔòÉÔòÉÔòÉÔòÉÔòÉÔòÉÔòÉÔòÉÔòÉÔòÉÔòÉÔòÉÔòÉÔòÉÔòÉÔòÉÔòÉÔòÉÔòÉÔòÉÔòÉÔòÉÔòÉÔòÉÔòÉÔòÉÔòÉÔòÉÔòÉÔòÉÔòÉÔòÉÔòÉÔòÉÔòÉÔòÉÔòÉÔòÉÔòÉÔòÉÔòÉÔòÉÔòÉÔòÉÔòÉÔòÉÔòÉÔòÉÔòÉÔòÉÔòÉÔòÉÔòÉÔòÉÔòÉÔòÉÔòÉÔòÉÔòÉÔòÉÔòÉÔòÉÔòÉÔòÉÔòÉÔòÉÔòÉÔòÉÔòÉÔòÉÔòÉÔòÉÔòÉÔòÉÔòÉÔòÉÔòÉÔòÉÔòÉÔòÉÔòÉÔòÉÔòÉÔòÉÔòÉÔòÉÔòÉÔòÉÔòÉÔòÉÔòÉÔòÉÔòÉÔòÉÔòÉÔòÉ
00:01 +1 -2: Teacher dashboard is shown when roleId = 2 [E]
  Test failed. See exception logs above.
  The test description was: Teacher dashboard is shown when roleId = 2
  
00:01 +1 -2: Student dashboard is shown when roleId = 3
Pending timers:
Timer (duration: 0:00:00.000000, periodic: false), created:
#0      new FakeTimer._ (package:fake_async/fake_async.dart:342:62)
#1      FakeAsync._createTimer (package:fake_async/fake_async.dart:260:29)
#2      FakeAsync.run.<anonymous closure> (package:fake_async/fake_async.dart:185:15)
#7      DioMixin.fetch (package:dio/src/dio_mixin.dart:466:30)
#8      DioMixin.request (package:dio/src/dio_mixin.dart:374:12)
#9      DioMixin.get (package:dio/src/dio_mixin.dart:71:12)
#10     ApiService.read (package:togoschool/service/api_service.dart:107:24)
#11     _StudentAcceuilState.studentMatieres (package:togoschool/pages/students/student_acceuil.dart:38:38)
#12     _StudentAcceuilState.initState (package:togoschool/pages/students/student_acceuil.dart:29:5)
#13     StatefulElement._firstBuild (package:flutter/src/widgets/framework.dart:5953:55)
#14     ComponentElement.mount (package:flutter/src/widgets/framework.dart:5796:5)
...     Normal element mounting (40 frames)
#54     Element.inflateWidget (package:flutter/src/widgets/framework.dart:4590:20)
#55     MultiChildRenderObjectElement.inflateWidget (package:flutter/src/widgets/framework.dart:7269:36)
#56     MultiChildRenderObjectElement.mount (package:flutter/src/widgets/framework.dart:7285:32)
...     Normal element mounting (372 frames)
#428    Element.inflateWidget (package:flutter/src/widgets/framework.dart:4590:20)
#429    MultiChildRenderObjectElement.inflateWidget (package:flutter/src/widgets/framework.dart:7269:36)
#430    MultiChildRenderObjectElement.mount (package:flutter/src/widgets/framework.dart:7285:32)
...     Normal element mounting (454 frames)
#884    Element.inflateWidget (package:flutter/src/widgets/framework.dart:4590:20)
#885    Element.updateChild (package:flutter/src/widgets/framework.dart:4053:20)
#886    ComponentElement.performRebuild (package:flutter/src/widgets/framework.dart:5844:16)
#887    Element.rebuild (package:flutter/src/widgets/framework.dart:5532:7)
#888    ProxyElement.update (package:flutter/src/widgets/framework.dart:6152:5)
#889    _InheritedNotifierElement.update (package:flutter/src/widgets/inherited_notifier.dart:108:11)
#890    Element.updateChild (package:flutter/src/widgets/framework.dart:4037:15)
#891    ComponentElement.performRebuild (package:flutter/src/widgets/framework.dart:5844:16)
#892    StatefulElement.performRebuild (package:flutter/src/widgets/framework.dart:5985:11)
#893    Element.rebuild (package:flutter/src/widgets/framework.dart:5532:7)
#894    StatefulElement.update (package:flutter/src/widgets/framework.dart:6010:5)
#895    Element.updateChild (package:flutter/src/widgets/framework.dart:4037:15)
#896    ComponentElement.performRebuild (package:flutter/src/widgets/framework.dart:5844:16)
#897    Element.rebuild (package:flutter/src/widgets/framework.dart:5532:7)
#898    ProxyElement.update (package:flutter/src/widgets/framework.dart:6152:5)
#899    _InheritedNotifierElement.update (package:flutter/src/widgets/inherited_notifier.dart:108:11)
#900    Element.updateChild (package:flutter/src/widgets/framework.dart:4037:15)
#901    ComponentElement.performRebuild (package:flutter/src/widgets/framework.dart:5844:16)
#902    StatefulElement.performRebuild (package:flutter/src/widgets/framework.dart:5985:11)
#903    Element.rebuild (package:flutter/src/widgets/framework.dart:5532:7)
#904    StatefulElement.update (package:flutter/src/widgets/framework.dart:6010:5)
#905    Element.updateChild (package:flutter/src/widgets/framework.dart:4037:15)
#906    ComponentElement.performRebuild (package:flutter/src/widgets/framework.dart:5844:16)
#907    StatefulElement.performRebuild (package:flutter/src/widgets/framework.dart:5985:11)
#908    Element.rebuild (package:flutter/src/widgets/framework.dart:5532:7)
#909    StatefulElement.update (package:flutter/src/widgets/framework.dart:6010:5)
#910    Element.updateChild (package:flutter/src/widgets/framework.dart:4037:15)
#911    ComponentElement.performRebuild (package:flutter/src/widgets/framework.dart:5844:16)
#912    Element.rebuild (package:flutter/src/widgets/framework.dart:5532:7)
#913    ProxyElement.update (package:flutter/src/widgets/framework.dart:6152:5)
#914    Element.updateChild (package:flutter/src/widgets/framework.dart:4037:15)
#915    ComponentElement.performRebuild (package:flutter/src/widgets/framework.dart:5844:16)
#916    StatefulElement.performRebuild (package:flutter/src/widgets/framework.dart:5985:11)
#917    Element.rebuild (package:flutter/src/widgets/framework.dart:5532:7)
#918    StatefulElement.update (package:flutter/src/widgets/framework.dart:6010:5)
#919    Element.updateChild (package:flutter/src/widgets/framework.dart:4037:15)
#920    ComponentElement.performRebuild (package:flutter/src/widgets/framework.dart:5844:16)
#921    Element.rebuild (package:flutter/src/widgets/framework.dart:5532:7)
#922    ProxyElement.update (package:flutter/src/widgets/framework.dart:6152:5)
#923    Element.updateChild (package:flutter/src/widgets/framework.dart:4037:15)
#924    ComponentElement.performRebuild (package:flutter/src/widgets/framework.dart:5844:16)
#925    Element.rebuild (package:flutter/src/widgets/framework.dart:5532:7)
#926    ProxyElement.update (package:flutter/src/widgets/framework.dart:6152:5)
#927    Element.updateChild (package:flutter/src/widgets/framework.dart:4037:15)
#928    _RawViewElement._updateChild (package:flutter/src/widgets/view.dart:481:16)
#929    _RawViewElement.update (package:flutter/src/widgets/view.dart:568:5)
#930    Element.updateChild (package:flutter/src/widgets/framework.dart:4037:15)
#931    ComponentElement.performRebuild (package:flutter/src/widgets/framework.dart:5844:16)
#932    Element.rebuild (package:flutter/src/widgets/framework.dart:5532:7)
#933    StatelessElement.update (package:flutter/src/widgets/framework.dart:5898:5)
#934    Element.updateChild (package:flutter/src/widgets/framework.dart:4037:15)
#935    ComponentElement.performRebuild (package:flutter/src/widgets/framework.dart:5844:16)
#936    StatefulElement.performRebuild (package:flutter/src/widgets/framework.dart:5985:11)
#937    Element.rebuild (package:flutter/src/widgets/framework.dart:5532:7)
#938    StatefulElement.update (package:flutter/src/widgets/framework.dart:6010:5)
#939    Element.updateChild (package:flutter/src/widgets/framework.dart:4037:15)
#940    RootElement._rebuild (package:flutter/src/widgets/binding.dart:1782:16)
#941    RootElement.update (package:flutter/src/widgets/binding.dart:1760:5)
#942    RootElement.performRebuild (package:flutter/src/widgets/binding.dart:1774:7)
#943    Element.rebuild (package:flutter/src/widgets/framework.dart:5532:7)
#944    BuildScope._tryRebuild (package:flutter/src/widgets/framework.dart:2750:15)
#945    BuildScope._flushDirtyElements (package:flutter/src/widgets/framework.dart:2807:11)
#946    BuildOwner.buildScope (package:flutter/src/widgets/framework.dart:3111:18)
#947    AutomatedTestWidgetsFlutterBinding.drawFrame (package:flutter_test/src/binding.dart:1506:19)
#948    RendererBinding._handlePersistentFrameCallback (package:flutter/src/rendering/binding.dart:495:5)
#949    SchedulerBinding._invokeFrameCallback (package:flutter/src/scheduler/binding.dart:1434:15)
#950    SchedulerBinding.handleDrawFrame (package:flutter/src/scheduler/binding.dart:1347:9)
#951    AutomatedTestWidgetsFlutterBinding.pump.<anonymous closure> (package:flutter_test/src/binding.dart:1335:9)
#954    TestAsyncUtils.guard (package:flutter_test/src/test_async_utils.dart:74:41)
#955    AutomatedTestWidgetsFlutterBinding.pump (package:flutter_test/src/binding.dart:1324:27)
#956    WidgetTester.pumpWidget.<anonymous closure> (package:flutter_test/src/widget_tester.dart:598:22)
#959    TestAsyncUtils.guard (package:flutter_test/src/test_async_utils.dart:74:41)
#960    WidgetTester.pumpWidget (package:flutter_test/src/widget_tester.dart:595:27)
#961    main.<anonymous closure> (file:///C:/Users/ACER/Desktop/soutenance/togoschool/test/widget_test.dart:33:18)
#962    testWidgets.<anonymous closure>.<anonymous closure> (package:flutter_test/src/widget_tester.dart:192:29)
<asynchronous suspension>
#963    TestWidgetsFlutterBinding._runTestBody (package:flutter_test/src/binding.dart:1059:5)
<asynchronous suspension>
<asynchronous suspension>
(elided 9 frames from dart:async and package:stack_trace)

ÔòÉÔòÉÔòí EXCEPTION CAUGHT BY FLUTTER TEST FRAMEWORK Ôò×ÔòÉÔòÉÔòÉÔòÉÔòÉÔòÉÔòÉÔòÉÔòÉÔòÉÔòÉÔòÉÔòÉÔòÉÔòÉÔòÉÔòÉÔòÉÔòÉÔòÉÔòÉÔòÉÔòÉÔòÉÔòÉÔòÉÔòÉÔòÉÔòÉÔòÉÔòÉÔòÉÔòÉÔòÉÔòÉÔòÉÔòÉÔòÉÔòÉÔòÉÔòÉÔòÉÔòÉÔòÉÔòÉÔòÉÔòÉÔòÉÔòÉÔòÉÔòÉÔòÉ
The following assertion was thrown running a test:
A Timer is still pending even after the widget tree was disposed.
'package:flutter_test/src/binding.dart':
Failed assertion: line 1617 pos 12: '!timersPending'

When the exception was thrown, this was the stack:
#2      AutomatedTestWidgetsFlutterBinding._verifyInvariants (package:flutter_test/src/binding.dart:1617:12)
#3      TestWidgetsFlutterBinding._runTestBody (package:flutter_test/src/binding.dart:1078:7)
<asynchronous suspension>
<asynchronous suspension>
(elided 3 frames from class _AssertionError and package:stack_trace)

The test description was:
  Student dashboard is shown when roleId = 3
ÔòÉÔòÉÔòÉÔòÉÔòÉÔòÉÔòÉÔòÉÔòÉÔòÉÔòÉÔòÉÔòÉÔòÉÔòÉÔòÉÔòÉÔòÉÔòÉÔòÉÔòÉÔòÉÔòÉÔòÉÔòÉÔòÉÔòÉÔòÉÔòÉÔòÉÔòÉÔòÉÔòÉÔòÉÔòÉÔòÉÔòÉÔòÉÔòÉÔòÉÔòÉÔòÉÔòÉÔòÉÔòÉÔòÉÔòÉÔòÉÔòÉÔòÉÔòÉÔòÉÔòÉÔòÉÔòÉÔòÉÔòÉÔòÉÔòÉÔòÉÔòÉÔòÉÔòÉÔòÉÔòÉÔòÉÔòÉÔòÉÔòÉÔòÉÔòÉÔòÉÔòÉÔòÉÔòÉÔòÉÔòÉÔòÉÔòÉÔòÉÔòÉÔòÉÔòÉÔòÉÔòÉÔòÉÔòÉÔòÉÔòÉÔòÉÔòÉÔòÉÔòÉÔòÉÔòÉÔòÉÔòÉÔòÉÔòÉÔòÉ
00:01 +1 -3: Student dashboard is shown when roleId = 3 [E]
  Test failed. See exception logs above.
  The test description was: Student dashboard is shown when roleId = 3
  
00:01 +1 -3: Some tests failed.
